Archive member included because of file (symbol)

c:/imtembedded/imt_sdk_win_64/winavr/bin/../lib/gcc/avr/4.3.3/avr5\libgcc.a(_udivmodhi4.o)
                              ./src/Pwm.o (__udivmodhi4)
c:/imtembedded/imt_sdk_win_64/winavr/bin/../lib/gcc/avr/4.3.3/avr5\libgcc.a(_divmodsi4.o)
                              ./src/Uart.o (__divmodsi4)
c:/imtembedded/imt_sdk_win_64/winavr/bin/../lib/gcc/avr/4.3.3/avr5\libgcc.a(_exit.o)
                              c:/imtembedded/imt_sdk_win_64/winavr/bin/../lib/gcc/avr/4.3.3/../../../../avr/lib/avr5/crtm32.o (exit)
c:/imtembedded/imt_sdk_win_64/winavr/bin/../lib/gcc/avr/4.3.3/avr5\libgcc.a(_copy_data.o)
                              ./src/Adc_PbCfg.o (__do_copy_data)
c:/imtembedded/imt_sdk_win_64/winavr/bin/../lib/gcc/avr/4.3.3/avr5\libgcc.a(_clear_bss.o)
                              ./src/Adc.o (__do_clear_bss)
c:/imtembedded/imt_sdk_win_64/winavr/bin/../lib/gcc/avr/4.3.3/avr5\libgcc.a(_ashldi3.o)
                              ./src/Uart.o (__ashldi3)
c:/imtembedded/imt_sdk_win_64/winavr/bin/../lib/gcc/avr/4.3.3/avr5\libgcc.a(_udivdi3.o)
                              ./src/Uart.o (__udivdi3)
c:/imtembedded/imt_sdk_win_64/winavr/bin/../lib/gcc/avr/4.3.3/avr5\libgcc.a(_umoddi3.o)
                              ./src/Uart.o (__umoddi3)
c:/imtembedded/imt_sdk_win_64/winavr/bin/../lib/gcc/avr/4.3.3/avr5\libgcc.a(_mulsi3.o)
                              c:/imtembedded/imt_sdk_win_64/winavr/bin/../lib/gcc/avr/4.3.3/avr5\libgcc.a(_udivdi3.o) (__mulsi3)
c:/imtembedded/imt_sdk_win_64/winavr/bin/../lib/gcc/avr/4.3.3/avr5\libgcc.a(_udivmodsi4.o)
                              c:/imtembedded/imt_sdk_win_64/winavr/bin/../lib/gcc/avr/4.3.3/avr5\libgcc.a(_divmodsi4.o) (__udivmodsi4)
c:/imtembedded/imt_sdk_win_64/winavr/bin/../lib/gcc/avr/4.3.3/avr5\libgcc.a(_prologue.o)
                              c:/imtembedded/imt_sdk_win_64/winavr/bin/../lib/gcc/avr/4.3.3/avr5\libgcc.a(_udivdi3.o) (__prologue_saves__)
c:/imtembedded/imt_sdk_win_64/winavr/bin/../lib/gcc/avr/4.3.3/avr5\libgcc.a(_epilogue.o)
                              c:/imtembedded/imt_sdk_win_64/winavr/bin/../lib/gcc/avr/4.3.3/avr5\libgcc.a(_udivdi3.o) (__epilogue_restores__)
c:/imtembedded/imt_sdk_win_64/winavr/bin/../lib/gcc/avr/4.3.3/avr5\libgcc.a(_clz.o)
                              c:/imtembedded/imt_sdk_win_64/winavr/bin/../lib/gcc/avr/4.3.3/avr5\libgcc.a(_udivdi3.o) (__clz_tab)
c:/imtembedded/imt_sdk_win_64/winavr/bin/../lib/gcc/avr/4.3.3/../../../../avr/lib/avr5\libc.a(strcmp.o)
                              ./src/Functions.o (strcmp)

Memory Configuration

Name             Origin             Length             Attributes
text             0x00000000         0x00020000         xr
data             0x00800060         0x0000ffa0         rw !x
eeprom           0x00810000         0x00010000         rw !x
fuse             0x00820000         0x00000400         rw !x
lock             0x00830000         0x00000400         rw !x
signature        0x00840000         0x00000400         rw !x
*default*        0x00000000         0xffffffff

Linker script and memory map

LOAD c:/imtembedded/imt_sdk_win_64/winavr/bin/../lib/gcc/avr/4.3.3/../../../../avr/lib/avr5/crtm32.o
LOAD ./src/Adc.o
LOAD ./src/Adc_PbCfg.o
LOAD ./src/Buzzer.o
LOAD ./src/Dio.o
LOAD ./src/ExtInt.o
LOAD ./src/Functions.o
LOAD ./src/Gpt.o
LOAD ./src/Gpt_PbCfg.o
LOAD ./src/Icu.o
LOAD ./src/LPM.o
LOAD ./src/Led.o
LOAD ./src/Pwm.o
LOAD ./src/Uart.o
LOAD ./src/Wdt.o
LOAD ./src/main.o
LOAD c:/imtembedded/imt_sdk_win_64/winavr/bin/../lib/gcc/avr/4.3.3/avr5\libgcc.a
LOAD c:/imtembedded/imt_sdk_win_64/winavr/bin/../lib/gcc/avr/4.3.3/../../../../avr/lib/avr5\libc.a
LOAD c:/imtembedded/imt_sdk_win_64/winavr/bin/../lib/gcc/avr/4.3.3/avr5\libgcc.a

.hash
 *(.hash)

.dynsym
 *(.dynsym)

.dynstr
 *(.dynstr)

.gnu.version
 *(.gnu.version)

.gnu.version_d
 *(.gnu.version_d)

.gnu.version_r
 *(.gnu.version_r)

.rel.init
 *(.rel.init)

.rela.init
 *(.rela.init)

.rel.text
 *(.rel.text)
 *(.rel.text.*)
 *(.rel.gnu.linkonce.t*)

.rela.text
 *(.rela.text)
 *(.rela.text.*)
 *(.rela.gnu.linkonce.t*)

.rel.fini
 *(.rel.fini)

.rela.fini
 *(.rela.fini)

.rel.rodata
 *(.rel.rodata)
 *(.rel.rodata.*)
 *(.rel.gnu.linkonce.r*)

.rela.rodata
 *(.rela.rodata)
 *(.rela.rodata.*)
 *(.rela.gnu.linkonce.r*)

.rel.data
 *(.rel.data)
 *(.rel.data.*)
 *(.rel.gnu.linkonce.d*)

.rela.data
 *(.rela.data)
 *(.rela.data.*)
 *(.rela.gnu.linkonce.d*)

.rel.ctors
 *(.rel.ctors)

.rela.ctors
 *(.rela.ctors)

.rel.dtors
 *(.rel.dtors)

.rela.dtors
 *(.rela.dtors)

.rel.got
 *(.rel.got)

.rela.got
 *(.rela.got)

.rel.bss
 *(.rel.bss)

.rela.bss
 *(.rela.bss)

.rel.plt
 *(.rel.plt)

.rela.plt
 *(.rela.plt)

.text           0x00000000     0x3d24
 *(.vectors)
 .vectors       0x00000000       0x54 c:/imtembedded/imt_sdk_win_64/winavr/bin/../lib/gcc/avr/4.3.3/../../../../avr/lib/avr5/crtm32.o
                0x00000000                __vectors
                0x00000000                __vector_default
 *(.vectors)
 *(.progmem.gcc*)
 *(.progmem*)
                0x00000054                . = ALIGN (0x2)
                0x00000054                __trampolines_start = .
 *(.trampolines)
 .trampolines   0x00000054        0x0 linker stubs
 *(.trampolines*)
                0x00000054                __trampolines_end = .
 *(.jumptables)
 *(.jumptables*)
 *(.lowtext)
 *(.lowtext*)
                0x00000054                __ctors_start = .
 *(.ctors)
                0x00000054                __ctors_end = .
                0x00000054                __dtors_start = .
 *(.dtors)
                0x00000054                __dtors_end = .
 SORT(*)(.ctors)
 SORT(*)(.dtors)
 *(.init0)
 .init0         0x00000054        0x0 c:/imtembedded/imt_sdk_win_64/winavr/bin/../lib/gcc/avr/4.3.3/../../../../avr/lib/avr5/crtm32.o
                0x00000054                __init
 *(.init0)
 *(.init1)
 *(.init1)
 *(.init2)
 .init2         0x00000054        0xc c:/imtembedded/imt_sdk_win_64/winavr/bin/../lib/gcc/avr/4.3.3/../../../../avr/lib/avr5/crtm32.o
 *(.init2)
 *(.init3)
 *(.init3)
 *(.init4)
 .init4         0x00000060       0x16 c:/imtembedded/imt_sdk_win_64/winavr/bin/../lib/gcc/avr/4.3.3/avr5\libgcc.a(_copy_data.o)
                0x00000060                __do_copy_data
 .init4         0x00000076       0x10 c:/imtembedded/imt_sdk_win_64/winavr/bin/../lib/gcc/avr/4.3.3/avr5\libgcc.a(_clear_bss.o)
                0x00000076                __do_clear_bss
 *(.init4)
 *(.init5)
 *(.init5)
 *(.init6)
 *(.init6)
 *(.init7)
 *(.init7)
 *(.init8)
 *(.init8)
 *(.init9)
 .init9         0x00000086        0x8 c:/imtembedded/imt_sdk_win_64/winavr/bin/../lib/gcc/avr/4.3.3/../../../../avr/lib/avr5/crtm32.o
 *(.init9)
 *(.text)
 .text          0x0000008e        0x4 c:/imtembedded/imt_sdk_win_64/winavr/bin/../lib/gcc/avr/4.3.3/../../../../avr/lib/avr5/crtm32.o
                0x0000008e                __vector_12
                0x0000008e                __bad_interrupt
                0x0000008e                __vector_17
                0x0000008e                __vector_19
                0x0000008e                __vector_18
                0x0000008e                __vector_20
 .text          0x00000092        0x0 ./src/Adc.o
 .text          0x00000092        0x0 ./src/Adc_PbCfg.o
 .text          0x00000092        0x0 ./src/Buzzer.o
 .text          0x00000092        0x0 ./src/Dio.o
 .text          0x00000092        0x0 ./src/ExtInt.o
 .text          0x00000092        0x0 ./src/Functions.o
 .text          0x00000092        0x0 ./src/Gpt.o
 .text          0x00000092        0x0 ./src/Gpt_PbCfg.o
 .text          0x00000092        0x0 ./src/Icu.o
 .text          0x00000092        0x0 ./src/LPM.o
 .text          0x00000092        0x0 ./src/Led.o
 .text          0x00000092        0x0 ./src/Pwm.o
 .text          0x00000092        0x0 ./src/Uart.o
 .text          0x00000092        0x0 ./src/Wdt.o
 .text          0x00000092        0x0 ./src/main.o
 .text          0x00000092        0x0 c:/imtembedded/imt_sdk_win_64/winavr/bin/../lib/gcc/avr/4.3.3/avr5\libgcc.a(_udivmodhi4.o)
 .text          0x00000092        0x0 c:/imtembedded/imt_sdk_win_64/winavr/bin/../lib/gcc/avr/4.3.3/avr5\libgcc.a(_divmodsi4.o)
 .text          0x00000092        0x0 c:/imtembedded/imt_sdk_win_64/winavr/bin/../lib/gcc/avr/4.3.3/avr5\libgcc.a(_exit.o)
 .text          0x00000092        0x0 c:/imtembedded/imt_sdk_win_64/winavr/bin/../lib/gcc/avr/4.3.3/avr5\libgcc.a(_copy_data.o)
 .text          0x00000092        0x0 c:/imtembedded/imt_sdk_win_64/winavr/bin/../lib/gcc/avr/4.3.3/avr5\libgcc.a(_clear_bss.o)
 .text          0x00000092       0xfe c:/imtembedded/imt_sdk_win_64/winavr/bin/../lib/gcc/avr/4.3.3/avr5\libgcc.a(_ashldi3.o)
                0x00000092                __ashldi3
 .text          0x00000190      0xcea c:/imtembedded/imt_sdk_win_64/winavr/bin/../lib/gcc/avr/4.3.3/avr5\libgcc.a(_udivdi3.o)
                0x00000190                __udivdi3
 .text          0x00000e7a      0xce0 c:/imtembedded/imt_sdk_win_64/winavr/bin/../lib/gcc/avr/4.3.3/avr5\libgcc.a(_umoddi3.o)
                0x00000e7a                __umoddi3
 .text          0x00001b5a        0x0 c:/imtembedded/imt_sdk_win_64/winavr/bin/../lib/gcc/avr/4.3.3/avr5\libgcc.a(_mulsi3.o)
 .text          0x00001b5a        0x0 c:/imtembedded/imt_sdk_win_64/winavr/bin/../lib/gcc/avr/4.3.3/avr5\libgcc.a(_udivmodsi4.o)
 .text          0x00001b5a        0x0 c:/imtembedded/imt_sdk_win_64/winavr/bin/../lib/gcc/avr/4.3.3/avr5\libgcc.a(_prologue.o)
 .text          0x00001b5a        0x0 c:/imtembedded/imt_sdk_win_64/winavr/bin/../lib/gcc/avr/4.3.3/avr5\libgcc.a(_epilogue.o)
 .text          0x00001b5a        0x0 c:/imtembedded/imt_sdk_win_64/winavr/bin/../lib/gcc/avr/4.3.3/avr5\libgcc.a(_clz.o)
 .text          0x00001b5a        0x0 c:/imtembedded/imt_sdk_win_64/winavr/bin/../lib/gcc/avr/4.3.3/../../../../avr/lib/avr5\libc.a(strcmp.o)
                0x00001b5a                . = ALIGN (0x2)
 *(.text.*)
 .text.__vector_16
                0x00001b5a       0x58 ./src/Adc.o
                0x00001b5a                __vector_16
 .text.Adc_Init
                0x00001bb2      0x10c ./src/Adc.o
                0x00001bb2                Adc_Init
 .text.Adc_StartConversion
                0x00001cbe       0x16 ./src/Adc.o
                0x00001cbe                Adc_StartConversion
 .text.Adc_GetResultSync
                0x00001cd4       0x10 ./src/Adc.o
                0x00001cd4                Adc_GetResultSync
 .text.Adc_GetResultAsync
                0x00001ce4       0x20 ./src/Adc.o
                0x00001ce4                Adc_GetResultAsync
 .text.Adc_EnableNotification
                0x00001d04        0x4 ./src/Adc.o
                0x00001d04                Adc_EnableNotification
 .text.Adc_DisableNotification
                0x00001d08        0x4 ./src/Adc.o
                0x00001d08                Adc_DisableNotification
 .text.Adc_SetCallback
                0x00001d0c        0xa ./src/Adc.o
                0x00001d0c                Adc_SetCallback
 .text.Buzzer_Off
                0x00001d16        0x8 ./src/Buzzer.o
                0x00001d16                Buzzer_Off
 .text.Buzzer_On
                0x00001d1e        0x8 ./src/Buzzer.o
                0x00001d1e                Buzzer_On
 .text.Buzzer_Init
                0x00001d26        0x8 ./src/Buzzer.o
                0x00001d26                Buzzer_Init
 .text.Dio_SetPinMode
                0x00001d2e      0x19c ./src/Dio.o
                0x00001d2e                Dio_SetPinMode
 .text.Dio_SetPinLevel
                0x00001eca       0xf2 ./src/Dio.o
                0x00001eca                Dio_SetPinLevel
 .text.Dio_FlipPinLevel
                0x00001fbc       0x98 ./src/Dio.o
                0x00001fbc                Dio_FlipPinLevel
 .text.Dio_ReadPinLevel
                0x00002054       0x40 ./src/Dio.o
                0x00002054                Dio_ReadPinLevel
 .text.__vector_1
                0x00002094       0x52 ./src/ExtInt.o
                0x00002094                __vector_1
 .text.__vector_2
                0x000020e6       0x52 ./src/ExtInt.o
                0x000020e6                __vector_2
 .text.__vector_3
                0x00002138       0x52 ./src/ExtInt.o
                0x00002138                __vector_3
 .text.ExInt_SetCallback
                0x0000218a       0x2c ./src/ExtInt.o
                0x0000218a                ExInt_SetCallback
 .text.ExtInt_SetTriggerEdge
                0x000021b6       0x98 ./src/ExtInt.o
                0x000021b6                ExtInt_SetTriggerEdge
 .text.ExtInt_EnableNotification
                0x0000224e       0x24 ./src/ExtInt.o
                0x0000224e                ExtInt_EnableNotification
 .text.ExtInt_DisableNotification
                0x00002272       0x24 ./src/ExtInt.o
                0x00002272                ExtInt_DisableNotification
 .text.ExtInt_ClearFlag
                0x00002296       0x24 ./src/ExtInt.o
                0x00002296                ExtInt_ClearFlag
 .text.ExtInt_ReadFlag
                0x000022ba       0x30 ./src/ExtInt.o
                0x000022ba                ExtInt_ReadFlag
 .text.CompareStrings
                0x000022ea       0x10 ./src/Functions.o
                0x000022ea                CompareStrings
 .text.__vector_10
                0x000022fa       0x52 ./src/Gpt.o
                0x000022fa                __vector_10
 .text.__vector_11
                0x0000234c       0x52 ./src/Gpt.o
                0x0000234c                __vector_11
 .text.__vector_7
                0x0000239e       0x52 ./src/Gpt.o
                0x0000239e                __vector_7
 .text.__vector_8
                0x000023f0       0x52 ./src/Gpt.o
                0x000023f0                __vector_8
 .text.__vector_9
                0x00002442       0x52 ./src/Gpt.o
                0x00002442                __vector_9
 .text.__vector_4
                0x00002494       0x52 ./src/Gpt.o
                0x00002494                __vector_4
 .text.__vector_5
                0x000024e6       0x52 ./src/Gpt.o
                0x000024e6                __vector_5
 .text.Gpt_Init
                0x00002538      0x194 ./src/Gpt.o
                0x00002538                Gpt_Init
 .text.Gpt_Start
                0x000026cc      0x180 ./src/Gpt.o
                0x000026cc                Gpt_Start
 .text.Gpt_Stop
                0x0000284c       0x4a ./src/Gpt.o
                0x0000284c                Gpt_Stop
 .text.Gpt_Reset
                0x00002896       0x1c ./src/Gpt.o
                0x00002896                Gpt_Reset
 .text.Gpt_SetCounterValue
                0x000028b2       0x1c ./src/Gpt.o
                0x000028b2                Gpt_SetCounterValue
 .text.Gpt_SetCompareValue
                0x000028ce       0x26 ./src/Gpt.o
                0x000028ce                Gpt_SetCompareValue
 .text.Gpt_EnableNotification
                0x000028f4       0x58 ./src/Gpt.o
                0x000028f4                Gpt_EnableNotification
 .text.Gpt_DisableNotification
                0x0000294c       0x58 ./src/Gpt.o
                0x0000294c                Gpt_DisableNotification
 .text.Gpt_SetCallback
                0x000029a4       0x66 ./src/Gpt.o
                0x000029a4                Gpt_SetCallback
 .text.Gpt_GetElapsedTime
                0x00002a0a       0x26 ./src/Gpt.o
                0x00002a0a                Gpt_GetElapsedTime
 .text.__vector_6
                0x00002a30       0x56 ./src/Icu.o
                0x00002a30                __vector_6
 .text.Icu_SetTriggerEdge
                0x00002a86       0x1a ./src/Icu.o
                0x00002a86                Icu_SetTriggerEdge
 .text.Icu_EnableNoiseCanceller
                0x00002aa0        0x8 ./src/Icu.o
                0x00002aa0                Icu_EnableNoiseCanceller
 .text.Icu_DisbleNoiseCanceller
                0x00002aa8        0x8 ./src/Icu.o
                0x00002aa8                Icu_DisbleNoiseCanceller
 .text.Icu_EnableNotification
                0x00002ab0        0x8 ./src/Icu.o
                0x00002ab0                Icu_EnableNotification
 .text.Icu_DisbleNotification
                0x00002ab8        0x8 ./src/Icu.o
                0x00002ab8                Icu_DisbleNotification
 .text.Icu_SetCallback
                0x00002ac0        0xa ./src/Icu.o
                0x00002ac0                Icu_SetCallback
 .text.LPM_Enable
                0x00002aca        0x8 ./src/LPM.o
                0x00002aca                LPM_Enable
 .text.LPM_Disable
                0x00002ad2        0x8 ./src/LPM.o
                0x00002ad2                LPM_Disable
 .text.LowPower_Mode
                0x00002ada       0x98 ./src/LPM.o
                0x00002ada                LowPower_Mode
 .text.Led_TurnOff
                0x00002b72        0x8 ./src/Led.o
                0x00002b72                Led_TurnOff
 .text.Led_TurnOn
                0x00002b7a        0x8 ./src/Led.o
                0x00002b7a                Led_TurnOn
 .text.Led_Init
                0x00002b82        0x8 ./src/Led.o
                0x00002b82                Led_Init
 .text.Pwm_Start
                0x00002b8a      0x178 ./src/Pwm.o
                0x00002b8a                Pwm_Start
 .text.Pwm_Stop
                0x00002d02       0x4e ./src/Pwm.o
                0x00002d02                Pwm_Stop
 .text.Pwm_SetDutyCycle
                0x00002d50       0x6a ./src/Pwm.o
                0x00002d50                Pwm_SetDutyCycle
 .text.Pwm_SetTimeOn
                0x00002dba       0x26 ./src/Pwm.o
                0x00002dba                Pwm_SetTimeOn
 .text.Pwm_SetICR
                0x00002de0        0x6 ./src/Pwm.o
                0x00002de0                Pwm_SetICR
 .text.Pwm_Init
                0x00002de6      0x196 ./src/Pwm.o
                0x00002de6                Pwm_Init
 .text.__vector_13
                0x00002f7c       0x54 ./src/Uart.o
                0x00002f7c                __vector_13
 .text.__vector_15
                0x00002fd0       0x52 ./src/Uart.o
                0x00002fd0                __vector_15
 .text.__vector_14
                0x00003022       0x52 ./src/Uart.o
                0x00003022                __vector_14
 .text.Uart_SetBaudRate
                0x00003074        0xa ./src/Uart.o
                0x00003074                Uart_SetBaudRate
 .text.Uart_Flush
                0x0000307e        0xa ./src/Uart.o
                0x0000307e                Uart_Flush
 .text.Uart_Transmit
                0x00003088        0xe ./src/Uart.o
                0x00003088                Uart_Transmit
 .text.Uart_SendNumber
                0x00003096      0x298 ./src/Uart.o
                0x00003096                Uart_SendNumber
 .text.Uart_SendString
                0x0000332e       0x1a ./src/Uart.o
                0x0000332e                Uart_SendString
 .text.Uart_SendArray
                0x00003348       0x26 ./src/Uart.o
                0x00003348                Uart_SendArray
 .text.Uart_Receive
                0x0000336e       0x10 ./src/Uart.o
                0x0000336e                Uart_Receive
 .text.Uart_Receive_NineBitFrame
                0x0000337e       0x30 ./src/Uart.o
                0x0000337e                Uart_Receive_NineBitFrame
 .text.Uart_Receive_String
                0x000033ae       0x40 ./src/Uart.o
                0x000033ae                Uart_Receive_String
 .text.Uart_EnableNotification
                0x000033ee       0x1a ./src/Uart.o
                0x000033ee                Uart_EnableNotification
 .text.Uart_DisableNotification
                0x00003408       0x1a ./src/Uart.o
                0x00003408                Uart_DisableNotification
 .text.Uart_SetTransmitCallback
                0x00003422        0xa ./src/Uart.o
                0x00003422                Uart_SetTransmitCallback
 .text.Uart_SetDataEmptyCallback
                0x0000342c        0xa ./src/Uart.o
                0x0000342c                Uart_SetDataEmptyCallback
 .text.Uart_SetReceiveCallback
                0x00003436        0xa ./src/Uart.o
                0x00003436                Uart_SetReceiveCallback
 .text.Uart_Init
                0x00003440       0x28 ./src/Uart.o
                0x00003440                Uart_Init
 .text.Wdt_Enable
                0x00003468        0x8 ./src/Wdt.o
                0x00003468                Wdt_Enable
 .text.Wdt_Disable
                0x00003470        0xe ./src/Wdt.o
                0x00003470                Wdt_Disable
 .text.Wdt_Refresh
                0x0000347e       0x14 ./src/Wdt.o
                0x0000347e                Wdt_Refresh
 .text.Wdt_SetTimeOut
                0x00003492       0x14 ./src/Wdt.o
                0x00003492                Wdt_SetTimeOut
 .text.main     0x000034a6      0x6d6 ./src/main.o
                0x000034a6                main
 .text.Handler_Tim0_OVF
                0x00003b7c       0x44 ./src/main.o
                0x00003b7c                Handler_Tim0_OVF
 .text.libgcc   0x00003bc0       0x28 c:/imtembedded/imt_sdk_win_64/winavr/bin/../lib/gcc/avr/4.3.3/avr5\libgcc.a(_udivmodhi4.o)
                0x00003bc0                __udivmodhi4
 .text.libgcc   0x00003be8       0x36 c:/imtembedded/imt_sdk_win_64/winavr/bin/../lib/gcc/avr/4.3.3/avr5\libgcc.a(_divmodsi4.o)
                0x00003be8                __divmodsi4
 .text.libgcc   0x00003c1e        0x0 c:/imtembedded/imt_sdk_win_64/winavr/bin/../lib/gcc/avr/4.3.3/avr5\libgcc.a(_exit.o)
 .text.libgcc   0x00003c1e        0x0 c:/imtembedded/imt_sdk_win_64/winavr/bin/../lib/gcc/avr/4.3.3/avr5\libgcc.a(_copy_data.o)
 .text.libgcc   0x00003c1e        0x0 c:/imtembedded/imt_sdk_win_64/winavr/bin/../lib/gcc/avr/4.3.3/avr5\libgcc.a(_clear_bss.o)
 .text.libgcc   0x00003c1e       0x3e c:/imtembedded/imt_sdk_win_64/winavr/bin/../lib/gcc/avr/4.3.3/avr5\libgcc.a(_mulsi3.o)
                0x00003c1e                __mulsi3
 .text.libgcc   0x00003c5c       0x44 c:/imtembedded/imt_sdk_win_64/winavr/bin/../lib/gcc/avr/4.3.3/avr5\libgcc.a(_udivmodsi4.o)
                0x00003c5c                __udivmodsi4
 .text.libgcc   0x00003ca0       0x38 c:/imtembedded/imt_sdk_win_64/winavr/bin/../lib/gcc/avr/4.3.3/avr5\libgcc.a(_prologue.o)
                0x00003ca0                __prologue_saves__
 .text.libgcc   0x00003cd8       0x36 c:/imtembedded/imt_sdk_win_64/winavr/bin/../lib/gcc/avr/4.3.3/avr5\libgcc.a(_epilogue.o)
                0x00003cd8                __epilogue_restores__
 .text.avr-libc
                0x00003d0e       0x12 c:/imtembedded/imt_sdk_win_64/winavr/bin/../lib/gcc/avr/4.3.3/../../../../avr/lib/avr5\libc.a(strcmp.o)
                0x00003d0e                strcmp
                0x00003d20                . = ALIGN (0x2)
 *(.fini9)
 .fini9         0x00003d20        0x0 c:/imtembedded/imt_sdk_win_64/winavr/bin/../lib/gcc/avr/4.3.3/avr5\libgcc.a(_exit.o)
                0x00003d20                exit
                0x00003d20                _exit
 *(.fini9)
 *(.fini8)
 *(.fini8)
 *(.fini7)
 *(.fini7)
 *(.fini6)
 *(.fini6)
 *(.fini5)
 *(.fini5)
 *(.fini4)
 *(.fini4)
 *(.fini3)
 *(.fini3)
 *(.fini2)
 *(.fini2)
 *(.fini1)
 *(.fini1)
 *(.fini0)
 .fini0         0x00003d20        0x4 c:/imtembedded/imt_sdk_win_64/winavr/bin/../lib/gcc/avr/4.3.3/avr5\libgcc.a(_exit.o)
 *(.fini0)
                0x00003d24                _etext = .

.data           0x00800060      0x3aa load address 0x00003d24
                0x00800060                PROVIDE (__data_start, .)
 *(.data)
 .data          0x00800060        0x0 c:/imtembedded/imt_sdk_win_64/winavr/bin/../lib/gcc/avr/4.3.3/../../../../avr/lib/avr5/crtm32.o
 .data          0x00800060        0x0 ./src/Adc.o
 .data          0x00800060        0x0 ./src/Adc_PbCfg.o
 .data          0x00800060        0x0 ./src/Buzzer.o
 .data          0x00800060        0x0 ./src/Dio.o
 .data          0x00800060        0x0 ./src/ExtInt.o
 .data          0x00800060        0x0 ./src/Functions.o
 .data          0x00800060        0x0 ./src/Gpt.o
 .data          0x00800060        0x0 ./src/Gpt_PbCfg.o
 .data          0x00800060        0x0 ./src/Icu.o
 .data          0x00800060        0x0 ./src/LPM.o
 .data          0x00800060        0x0 ./src/Led.o
 .data          0x00800060        0x0 ./src/Pwm.o
 .data          0x00800060        0x0 ./src/Uart.o
 .data          0x00800060        0x0 ./src/Wdt.o
 .data          0x00800060      0x2a0 ./src/main.o
 .data          0x00800300        0x0 c:/imtembedded/imt_sdk_win_64/winavr/bin/../lib/gcc/avr/4.3.3/avr5\libgcc.a(_udivmodhi4.o)
 .data          0x00800300        0x0 c:/imtembedded/imt_sdk_win_64/winavr/bin/../lib/gcc/avr/4.3.3/avr5\libgcc.a(_divmodsi4.o)
 .data          0x00800300        0x0 c:/imtembedded/imt_sdk_win_64/winavr/bin/../lib/gcc/avr/4.3.3/avr5\libgcc.a(_exit.o)
 .data          0x00800300        0x0 c:/imtembedded/imt_sdk_win_64/winavr/bin/../lib/gcc/avr/4.3.3/avr5\libgcc.a(_copy_data.o)
 .data          0x00800300        0x0 c:/imtembedded/imt_sdk_win_64/winavr/bin/../lib/gcc/avr/4.3.3/avr5\libgcc.a(_clear_bss.o)
 .data          0x00800300        0x0 c:/imtembedded/imt_sdk_win_64/winavr/bin/../lib/gcc/avr/4.3.3/avr5\libgcc.a(_ashldi3.o)
 .data          0x00800300        0x0 c:/imtembedded/imt_sdk_win_64/winavr/bin/../lib/gcc/avr/4.3.3/avr5\libgcc.a(_udivdi3.o)
 .data          0x00800300        0x0 c:/imtembedded/imt_sdk_win_64/winavr/bin/../lib/gcc/avr/4.3.3/avr5\libgcc.a(_umoddi3.o)
 .data          0x00800300        0x0 c:/imtembedded/imt_sdk_win_64/winavr/bin/../lib/gcc/avr/4.3.3/avr5\libgcc.a(_mulsi3.o)
 .data          0x00800300        0x0 c:/imtembedded/imt_sdk_win_64/winavr/bin/../lib/gcc/avr/4.3.3/avr5\libgcc.a(_udivmodsi4.o)
 .data          0x00800300        0x0 c:/imtembedded/imt_sdk_win_64/winavr/bin/../lib/gcc/avr/4.3.3/avr5\libgcc.a(_prologue.o)
 .data          0x00800300        0x0 c:/imtembedded/imt_sdk_win_64/winavr/bin/../lib/gcc/avr/4.3.3/avr5\libgcc.a(_epilogue.o)
 .data          0x00800300      0x100 c:/imtembedded/imt_sdk_win_64/winavr/bin/../lib/gcc/avr/4.3.3/avr5\libgcc.a(_clz.o)
                0x00800300                __clz_tab
 .data          0x00800400        0x0 c:/imtembedded/imt_sdk_win_64/winavr/bin/../lib/gcc/avr/4.3.3/../../../../avr/lib/avr5\libc.a(strcmp.o)
 *(.data*)
 .data.Adc_Configuration
                0x00800400        0x3 ./src/Adc_PbCfg.o
                0x00800400                Adc_Configuration
 .data.Gpt_Configuration
                0x00800403        0x6 ./src/Gpt_PbCfg.o
                0x00800403                Gpt_Configuration
 *(.rodata)
 *(.rodata*)
 *(.gnu.linkonce.d*)
                0x0080040a                . = ALIGN (0x2)
 *fill*         0x00800409        0x1 00
                0x0080040a                _edata = .
                0x0080040a                PROVIDE (__data_end, .)

.bss            0x0080040a       0x20
                0x0080040a                PROVIDE (__bss_start, .)
 *(.bss)
 .bss           0x0080040a        0x0 c:/imtembedded/imt_sdk_win_64/winavr/bin/../lib/gcc/avr/4.3.3/../../../../avr/lib/avr5/crtm32.o
 .bss           0x0080040a        0x0 ./src/Adc.o
 .bss           0x0080040a        0x0 ./src/Adc_PbCfg.o
 .bss           0x0080040a        0x0 ./src/Buzzer.o
 .bss           0x0080040a        0x0 ./src/Dio.o
 .bss           0x0080040a        0x0 ./src/ExtInt.o
 .bss           0x0080040a        0x0 ./src/Functions.o
 .bss           0x0080040a        0x0 ./src/Gpt.o
 .bss           0x0080040a        0x0 ./src/Gpt_PbCfg.o
 .bss           0x0080040a        0x0 ./src/Icu.o
 .bss           0x0080040a        0x0 ./src/LPM.o
 .bss           0x0080040a        0x0 ./src/Led.o
 .bss           0x0080040a        0x0 ./src/Pwm.o
 .bss           0x0080040a        0x0 ./src/Uart.o
 .bss           0x0080040a        0x0 ./src/Wdt.o
 .bss           0x0080040a        0x0 ./src/main.o
 .bss           0x0080040a        0x0 c:/imtembedded/imt_sdk_win_64/winavr/bin/../lib/gcc/avr/4.3.3/avr5\libgcc.a(_udivmodhi4.o)
 .bss           0x0080040a        0x0 c:/imtembedded/imt_sdk_win_64/winavr/bin/../lib/gcc/avr/4.3.3/avr5\libgcc.a(_divmodsi4.o)
 .bss           0x0080040a        0x0 c:/imtembedded/imt_sdk_win_64/winavr/bin/../lib/gcc/avr/4.3.3/avr5\libgcc.a(_exit.o)
 .bss           0x0080040a        0x0 c:/imtembedded/imt_sdk_win_64/winavr/bin/../lib/gcc/avr/4.3.3/avr5\libgcc.a(_copy_data.o)
 .bss           0x0080040a        0x0 c:/imtembedded/imt_sdk_win_64/winavr/bin/../lib/gcc/avr/4.3.3/avr5\libgcc.a(_clear_bss.o)
 .bss           0x0080040a        0x0 c:/imtembedded/imt_sdk_win_64/winavr/bin/../lib/gcc/avr/4.3.3/avr5\libgcc.a(_ashldi3.o)
 .bss           0x0080040a        0x0 c:/imtembedded/imt_sdk_win_64/winavr/bin/../lib/gcc/avr/4.3.3/avr5\libgcc.a(_udivdi3.o)
 .bss           0x0080040a        0x0 c:/imtembedded/imt_sdk_win_64/winavr/bin/../lib/gcc/avr/4.3.3/avr5\libgcc.a(_umoddi3.o)
 .bss           0x0080040a        0x0 c:/imtembedded/imt_sdk_win_64/winavr/bin/../lib/gcc/avr/4.3.3/avr5\libgcc.a(_mulsi3.o)
 .bss           0x0080040a        0x0 c:/imtembedded/imt_sdk_win_64/winavr/bin/../lib/gcc/avr/4.3.3/avr5\libgcc.a(_udivmodsi4.o)
 .bss           0x0080040a        0x0 c:/imtembedded/imt_sdk_win_64/winavr/bin/../lib/gcc/avr/4.3.3/avr5\libgcc.a(_prologue.o)
 .bss           0x0080040a        0x0 c:/imtembedded/imt_sdk_win_64/winavr/bin/../lib/gcc/avr/4.3.3/avr5\libgcc.a(_epilogue.o)
 .bss           0x0080040a        0x0 c:/imtembedded/imt_sdk_win_64/winavr/bin/../lib/gcc/avr/4.3.3/avr5\libgcc.a(_clz.o)
 .bss           0x0080040a        0x0 c:/imtembedded/imt_sdk_win_64/winavr/bin/../lib/gcc/avr/4.3.3/../../../../avr/lib/avr5\libc.a(strcmp.o)
 *(.bss*)
 .bss.ADC_CONVERSION_COMP
                0x0080040a        0x2 ./src/Adc.o
                0x0080040a                ADC_CONVERSION_COMP
 .bss.Callback_Int0
                0x0080040c        0x2 ./src/ExtInt.o
                0x0080040c                Callback_Int0
 .bss.Callback_Int1
                0x0080040e        0x2 ./src/ExtInt.o
                0x0080040e                Callback_Int1
 .bss.Callback_Int2
                0x00800410        0x2 ./src/ExtInt.o
                0x00800410                Callback_Int2
 .bss.Gpt_Callback_TIM0_COMP
                0x00800412        0x2 ./src/Gpt.o
                0x00800412                Gpt_Callback_TIM0_COMP
 .bss.Gpt_Callback_TIM0_OVF
                0x00800414        0x2 ./src/Gpt.o
                0x00800414                Gpt_Callback_TIM0_OVF
 .bss.Gpt_Callback_TIM1A_COMP
                0x00800416        0x2 ./src/Gpt.o
                0x00800416                Gpt_Callback_TIM1A_COMP
 .bss.Gpt_Callback_TIM1B_COMP
                0x00800418        0x2 ./src/Gpt.o
                0x00800418                Gpt_Callback_TIM1B_COMP
 .bss.Gpt_Callback_TIM1_OVF
                0x0080041a        0x2 ./src/Gpt.o
                0x0080041a                Gpt_Callback_TIM1_OVF
 .bss.Gpt_Callback_TIM2_OVF
                0x0080041c        0x2 ./src/Gpt.o
                0x0080041c                Gpt_Callback_TIM2_OVF
 .bss.Gpt_Callback_TIM2_COMP
                0x0080041e        0x2 ./src/Gpt.o
                0x0080041e                Gpt_Callback_TIM2_COMP
 .bss.Icu_Callback
                0x00800420        0x2 ./src/Icu.o
                0x00800420                Icu_Callback
 .bss.Uart_RxCallback
                0x00800422        0x2 ./src/Uart.o
                0x00800422                Uart_RxCallback
 .bss.Uart_TxCallback
                0x00800424        0x2 ./src/Uart.o
                0x00800424                Uart_TxCallback
 .bss.Uart_RegEmptyCallback
                0x00800426        0x2 ./src/Uart.o
                0x00800426                Uart_RegEmptyCallback
 .bss.overflow_counter
                0x00800428        0x2 ./src/main.o
                0x00800428                overflow_counter
 *(COMMON)
                0x0080042a                PROVIDE (__bss_end, .)
                0x00003d24                __data_load_start = LOADADDR (.data)
                0x000040ce                __data_load_end = (__data_load_start + SIZEOF (.data))

.noinit         0x0080042a        0x0
                0x0080042a                PROVIDE (__noinit_start, .)
 *(.noinit*)
                0x0080042a                PROVIDE (__noinit_end, .)
                0x0080042a                _end = .
                0x0080042a                PROVIDE (__heap_start, .)

.eeprom         0x00810000        0x0
 *(.eeprom*)
                0x00810000                __eeprom_end = .

.fuse
 *(.fuse)
 *(.lfuse)
 *(.hfuse)
 *(.efuse)

.lock
 *(.lock*)

.signature
 *(.signature*)

.stab
 *(.stab)

.stabstr
 *(.stabstr)

.stab.excl
 *(.stab.excl)

.stab.exclstr
 *(.stab.exclstr)

.stab.index
 *(.stab.index)

.stab.indexstr
 *(.stab.indexstr)

.comment
 *(.comment)

.debug
 *(.debug)

.line
 *(.line)

.debug_srcinfo
 *(.debug_srcinfo)

.debug_sfnames
 *(.debug_sfnames)

.debug_aranges  0x00000000       0x60
 *(.debug_aranges)
 .debug_aranges
                0x00000000       0x20 c:/imtembedded/imt_sdk_win_64/winavr/bin/../lib/gcc/avr/4.3.3/avr5\libgcc.a(_ashldi3.o)
 .debug_aranges
                0x00000020       0x20 c:/imtembedded/imt_sdk_win_64/winavr/bin/../lib/gcc/avr/4.3.3/avr5\libgcc.a(_udivdi3.o)
 .debug_aranges
                0x00000040       0x20 c:/imtembedded/imt_sdk_win_64/winavr/bin/../lib/gcc/avr/4.3.3/avr5\libgcc.a(_umoddi3.o)

.debug_pubnames
                0x00000000       0x80
 *(.debug_pubnames)
 .debug_pubnames
                0x00000000       0x20 c:/imtembedded/imt_sdk_win_64/winavr/bin/../lib/gcc/avr/4.3.3/avr5\libgcc.a(_ashldi3.o)
 .debug_pubnames
                0x00000020       0x20 c:/imtembedded/imt_sdk_win_64/winavr/bin/../lib/gcc/avr/4.3.3/avr5\libgcc.a(_udivdi3.o)
 .debug_pubnames
                0x00000040       0x20 c:/imtembedded/imt_sdk_win_64/winavr/bin/../lib/gcc/avr/4.3.3/avr5\libgcc.a(_umoddi3.o)
 .debug_pubnames
                0x00000060       0x20 c:/imtembedded/imt_sdk_win_64/winavr/bin/../lib/gcc/avr/4.3.3/avr5\libgcc.a(_clz.o)

.debug_info     0x00000000     0x109d
 *(.debug_info)
 .debug_info    0x00000000      0x17f c:/imtembedded/imt_sdk_win_64/winavr/bin/../lib/gcc/avr/4.3.3/avr5\libgcc.a(_ashldi3.o)
 .debug_info    0x0000017f      0x71e c:/imtembedded/imt_sdk_win_64/winavr/bin/../lib/gcc/avr/4.3.3/avr5\libgcc.a(_udivdi3.o)
 .debug_info    0x0000089d      0x757 c:/imtembedded/imt_sdk_win_64/winavr/bin/../lib/gcc/avr/4.3.3/avr5\libgcc.a(_umoddi3.o)
 .debug_info    0x00000ff4       0xa9 c:/imtembedded/imt_sdk_win_64/winavr/bin/../lib/gcc/avr/4.3.3/avr5\libgcc.a(_clz.o)
 *(.gnu.linkonce.wi.*)

.debug_abbrev   0x00000000      0x469
 *(.debug_abbrev)
 .debug_abbrev  0x00000000       0xee c:/imtembedded/imt_sdk_win_64/winavr/bin/../lib/gcc/avr/4.3.3/avr5\libgcc.a(_ashldi3.o)
 .debug_abbrev  0x000000ee      0x181 c:/imtembedded/imt_sdk_win_64/winavr/bin/../lib/gcc/avr/4.3.3/avr5\libgcc.a(_udivdi3.o)
 .debug_abbrev  0x0000026f      0x190 c:/imtembedded/imt_sdk_win_64/winavr/bin/../lib/gcc/avr/4.3.3/avr5\libgcc.a(_umoddi3.o)
 .debug_abbrev  0x000003ff       0x6a c:/imtembedded/imt_sdk_win_64/winavr/bin/../lib/gcc/avr/4.3.3/avr5\libgcc.a(_clz.o)

.debug_line     0x00000000      0x55b
 *(.debug_line)
 .debug_line    0x00000000       0xd7 c:/imtembedded/imt_sdk_win_64/winavr/bin/../lib/gcc/avr/4.3.3/avr5\libgcc.a(_ashldi3.o)
 .debug_line    0x000000d7      0x1d8 c:/imtembedded/imt_sdk_win_64/winavr/bin/../lib/gcc/avr/4.3.3/avr5\libgcc.a(_udivdi3.o)
 .debug_line    0x000002af      0x230 c:/imtembedded/imt_sdk_win_64/winavr/bin/../lib/gcc/avr/4.3.3/avr5\libgcc.a(_umoddi3.o)
 .debug_line    0x000004df       0x7c c:/imtembedded/imt_sdk_win_64/winavr/bin/../lib/gcc/avr/4.3.3/avr5\libgcc.a(_clz.o)

.debug_frame    0x00000000       0x60
 *(.debug_frame)
 .debug_frame   0x00000000       0x20 c:/imtembedded/imt_sdk_win_64/winavr/bin/../lib/gcc/avr/4.3.3/avr5\libgcc.a(_ashldi3.o)
 .debug_frame   0x00000020       0x20 c:/imtembedded/imt_sdk_win_64/winavr/bin/../lib/gcc/avr/4.3.3/avr5\libgcc.a(_udivdi3.o)
 .debug_frame   0x00000040       0x20 c:/imtembedded/imt_sdk_win_64/winavr/bin/../lib/gcc/avr/4.3.3/avr5\libgcc.a(_umoddi3.o)

.debug_str      0x00000000      0x16a
 *(.debug_str)
 .debug_str     0x00000000       0xe4 c:/imtembedded/imt_sdk_win_64/winavr/bin/../lib/gcc/avr/4.3.3/avr5\libgcc.a(_ashldi3.o)
                                0x131 (size before relaxing)
 .debug_str     0x000000e4       0x7c c:/imtembedded/imt_sdk_win_64/winavr/bin/../lib/gcc/avr/4.3.3/avr5\libgcc.a(_udivdi3.o)
                                0x18a (size before relaxing)
 .debug_str     0x00000160        0xa c:/imtembedded/imt_sdk_win_64/winavr/bin/../lib/gcc/avr/4.3.3/avr5\libgcc.a(_umoddi3.o)
                                0x18a (size before relaxing)
 .debug_str     0x00000000       0xf4 c:/imtembedded/imt_sdk_win_64/winavr/bin/../lib/gcc/avr/4.3.3/avr5\libgcc.a(_clz.o)

.debug_loc      0x00000000     0x1a1e
 *(.debug_loc)
 .debug_loc     0x00000000       0xf8 c:/imtembedded/imt_sdk_win_64/winavr/bin/../lib/gcc/avr/4.3.3/avr5\libgcc.a(_ashldi3.o)
 .debug_loc     0x000000f8      0xe74 c:/imtembedded/imt_sdk_win_64/winavr/bin/../lib/gcc/avr/4.3.3/avr5\libgcc.a(_udivdi3.o)
 .debug_loc     0x00000f6c      0xab2 c:/imtembedded/imt_sdk_win_64/winavr/bin/../lib/gcc/avr/4.3.3/avr5\libgcc.a(_umoddi3.o)

.debug_macinfo
 *(.debug_macinfo)
OUTPUT(Mobile_Controlled_Home.elf elf32-avr)
LOAD linker stubs

.debug_ranges   0x00000000       0x30
 .debug_ranges  0x00000000       0x18 c:/imtembedded/imt_sdk_win_64/winavr/bin/../lib/gcc/avr/4.3.3/avr5\libgcc.a(_udivdi3.o)
 .debug_ranges  0x00000018       0x18 c:/imtembedded/imt_sdk_win_64/winavr/bin/../lib/gcc/avr/4.3.3/avr5\libgcc.a(_umoddi3.o)
